2025-11-10 04:02:25,776 [ERROR] エラー発生: division by zero
2025-11-10 04:15:13,275 [ERROR] ゼロ除算エラー発生
Traceback (most recent call last):
  File "/workspaces/day16_env/raise_logging_test.py", line 7, in divide
    return a / b
           ~~^~~
ZeroDivisionError: division by zero
2025-11-10 16:12:41,392 [INFO] app OK: 10/2 => 5.0
2025-11-10 16:12:41,392 [WARNING] app BUSINESS ERROR: 0で割ることはできません
Traceback (most recent call last):
  File "/workspaces/python-learning/mini_safe_calc_v2.py", line 12, in safe_divide
    return a / b
           ~~^~~
ZeroDivisionError: float division by zero

The above exception was the direct cause of the following exception:

Traceback (most recent call last):
  File "/workspaces/python-learning/mini_safe_calc_v2.py", line 36, in main
    result = run(expr)
             ^^^^^^^^^
  File "/workspaces/python-learning/mini_safe_calc_v2.py", line 21, in run
    return safe_divide(a, b)
           ^^^^^^^^^^^^^^^^^
  File "/workspaces/python-learning/mini_safe_calc_v2.py", line 14, in safe_divide
    raise CalcError("0で割ることはできません") from e
CalcError: 0で割ることはできません
2025-11-10 16:12:41,398 [WARNING] app BUSINESS ERROR: 式が不正です: 'abc'（例: '10/2'）
Traceback (most recent call last):
  File "/workspaces/python-learning/mini_safe_calc_v2.py", line 18, in run
    a, b = map(float, expr.split("/"))
    ^^^^
ValueError: could not convert string to float: 'abc'

The above exception was the direct cause of the following exception:

Traceback (most recent call last):
  File "/workspaces/python-learning/mini_safe_calc_v2.py", line 36, in main
    result = run(expr)
             ^^^^^^^^^
  File "/workspaces/python-learning/mini_safe_calc_v2.py", line 20, in run
    raise ValidationError(f"式が不正です: {expr!r}（例: '10/2'）") from e
ValidationError: 式が不正です: 'abc'（例: '10/2'）
2025-11-10 21:44:52,554 [INFO] app OK: 10/2 => 5.0
2025-11-10 21:44:52,555 [WARNING] app BUSINESS ERROR: 0で割ることはできません
Traceback (most recent call last):
  File "/workspaces/python-learning/mini_safe_calc_v2.py", line 12, in safe_divide
    return a / b
           ~~^~~
ZeroDivisionError: float division by zero

The above exception was the direct cause of the following exception:

Traceback (most recent call last):
  File "/workspaces/python-learning/mini_safe_calc_v2.py", line 36, in main
    result = run(expr)
             ^^^^^^^^^
  File "/workspaces/python-learning/mini_safe_calc_v2.py", line 21, in run
    return safe_divide(a, b)
           ^^^^^^^^^^^^^^^^^
  File "/workspaces/python-learning/mini_safe_calc_v2.py", line 14, in safe_divide
    raise CalcError("0で割ることはできません") from e
CalcError: 0で割ることはできません
2025-11-10 21:44:52,560 [WARNING] app BUSINESS ERROR: 式が不正です: 'abc'（例: '10/2'）
Traceback (most recent call last):
  File "/workspaces/python-learning/mini_safe_calc_v2.py", line 18, in run
    a, b = map(float, expr.split("/"))
    ^^^^
ValueError: could not convert string to float: 'abc'

The above exception was the direct cause of the following exception:

Traceback (most recent call last):
  File "/workspaces/python-learning/mini_safe_calc_v2.py", line 36, in main
    result = run(expr)
             ^^^^^^^^^
  File "/workspaces/python-learning/mini_safe_calc_v2.py", line 20, in run
    raise ValidationError(f"式が不正です: {expr!r}（例: '10/2'）") from e
ValidationError: 式が不正です: 'abc'（例: '10/2'）
